facility-layout	estimate_travel_distance
facility-layout	get_facility_catalog_growth_report
facility-layout	get_site_layout
facility-layout	get_zone_grid
facility-layout	get_zone_travel_graph
facility-layout	list_functional_locations
facility-layout	list_sites
fulfillment-execution	complete_task
fulfillment-execution	diagnose_stuck_tasks
fulfillment-execution	find_claimable_work
fulfillment-execution	get_fulfillment_throughput_report
fulfillment-execution	get_on_time_to_cpt
fulfillment-execution	get_queue_status
inventory-storage	check_availability
inventory-storage	get_bin_occupancy
inventory-storage	get_inventory_flow_accuracy_report
inventory-storage	revoke_reservation
labor-performance	get_associate_scorecard
labor-performance	get_labor_standard
labor-performance	get_task_type_performance
labor-performance	get_task_type_utilization
order-management	get_order
order-management	get_promise_health
process-path-management	get_catalogue_growth_report
process-path-management	get_cpt_schedule
process-path-management	get_process_path
process-path-management	list_process_paths
wes-work-planning	get_backlog_telemetry
wes-work-planning	get_rebalance_recommendation
wes-work-planning	get_release_throughput_report
wes-work-planning	release_next_work
workforce-management	assign_labor
workforce-management	get_staffing_gap
workforce-management	get_workforce_labor_report
workforce-management	propose_path_heads
